// Jest Snapshot v1, https://goo.gl/fbAQLP

exports[`Component: Controls SelectControls Rendering should render correctly 1`] = `
<div>
  <div>
    <button
      className=""
      onClick={[MockFunction]}
      tabIndex="-1"
    >
      library_add
    </button>
    <Loader
      absolute={false}
      className=""
      spinnerClassName=""
      visible={false}
    />
  </div>
  <div
    onClick={[Function]}
  >
    <span
      className=""
    />
    <input
      className="hidden"
      onChange={[MockFunction]}
      onKeyDown={[MockFunction]}
      type="text"
      value=""
    />
  </div>
</div>
`;
